Hinst Name                  Module Name                 Inst Count           Total Area               Buffer             Inverter        Combinational                 Flop                Latch           Clock Gate                Macro             Physical
------------------------------------------------------------------------------------------------------------------------------------------------------------------------------------------------------------------------------------------------------------------------
collision_avoidance_car                                        791             8901.901              851.513              168.032             3145.676             4736.680                0.000                0.000                0.000                0.000
 add_157_54                 add_unsigned_4                      68              382.235                0.000               24.978              357.257                0.000                0.000                0.000                0.000                0.000
 add_160_74                 add_signed                          19              302.003                0.000                0.000              302.003                0.000                0.000                0.000                0.000                0.000
 csa_tree_add_158_58_groupi csa_tree_add_158_58_group_2        171             1360.149                0.000               52.226             1307.923                0.000                0.000                0.000                0.000                0.000
